Training baseline on cuda
  Parameters: 237,809
  Epoch  1/20  loss=0.5637  val_loss=0.4251  val_iou=0.5574
  Epoch  2/20  loss=0.3873  val_loss=0.3481  val_iou=0.5879
  Epoch  3/20  loss=0.3415  val_loss=0.3240  val_iou=0.6256
  Epoch  4/20  loss=0.3190  val_loss=0.3083  val_iou=0.6262
  Epoch  5/20  loss=0.3051  val_loss=0.2920  val_iou=0.6278
  Epoch  6/20  loss=0.2937  val_loss=0.2953  val_iou=0.6573
  Epoch  7/20  loss=0.2838  val_loss=0.2773  val_iou=0.6686
  Epoch  8/20  loss=0.2784  val_loss=0.2837  val_iou=0.6577
  Epoch  9/20  loss=0.2724  val_loss=0.2759  val_iou=0.6747
  Epoch 10/20  loss=0.2649  val_loss=0.2976  val_iou=0.6216
  Epoch 11/20  loss=0.2579  val_loss=0.2724  val_iou=0.6526
  Epoch 12/20  loss=0.2524  val_loss=0.2765  val_iou=0.6796
  Epoch 13/20  loss=0.2482  val_loss=0.2607  val_iou=0.6823
  Epoch 14/20  loss=0.2419  val_loss=0.2715  val_iou=0.6464
  Epoch 15/20  loss=0.2396  val_loss=0.2450  val_iou=0.6983
  Epoch 16/20  loss=0.2379  val_loss=0.2570  val_iou=0.6980
  Epoch 17/20  loss=0.2327  val_loss=0.2431  val_iou=0.6818
  Epoch 18/20  loss=0.2317  val_loss=0.2612  val_iou=0.6906
  Epoch 19/20  loss=0.2244  val_loss=0.2474  val_iou=0.6791
  Epoch 20/20  loss=0.2203  val_loss=0.2448  val_iou=0.6947
  Best val IoU: 0.6983  ->  saved to C:\Users\elean\OneDrive\Documents\Courses\MATH411\workshop\case_study\checkpoints\baseline.pt
Training equivariant on cuda
  Parameters: 237,809
  Epoch  1/20  loss=0.4979  val_loss=0.3942  val_iou=0.5331
  Epoch  2/20  loss=0.3785  val_loss=0.3910  val_iou=0.5816
  Epoch  3/20  loss=0.3434  val_loss=0.3166  val_iou=0.6095
  Epoch  4/20  loss=0.3208  val_loss=0.3013  val_iou=0.6157
  Epoch  5/20  loss=0.3049  val_loss=0.2839  val_iou=0.6430
  Epoch  6/20  loss=0.2943  val_loss=0.2926  val_iou=0.6632
  Epoch  7/20  loss=0.2924  val_loss=0.3062  val_iou=0.6505
  Epoch  8/20  loss=0.2859  val_loss=0.3052  val_iou=0.6534
  Epoch  9/20  loss=0.2721  val_loss=0.2704  val_iou=0.6383
  Epoch 10/20  loss=0.2676  val_loss=0.2712  val_iou=0.6791
  Epoch 11/20  loss=0.2616  val_loss=0.2618  val_iou=0.6831
  Epoch 12/20  loss=0.2548  val_loss=0.2587  val_iou=0.6672
  Epoch 13/20  loss=0.2561  val_loss=0.2469  val_iou=0.6928
  Epoch 14/20  loss=0.2472  val_loss=0.2617  val_iou=0.6964
  Epoch 15/20  loss=0.2455  val_loss=0.2334  val_iou=0.7092
  Epoch 16/20  loss=0.2385  val_loss=0.2462  val_iou=0.6973
  Epoch 17/20  loss=0.2419  val_loss=0.2325  val_iou=0.7020
  Epoch 18/20  loss=0.2331  val_loss=0.2464  val_iou=0.7072
  Epoch 19/20  loss=0.2259  val_loss=0.2438  val_iou=0.6626
  Epoch 20/20  loss=0.2278  val_loss=0.2265  val_iou=0.7085
  Best val IoU: 0.7092  ->  saved to C:\Users\elean\OneDrive\Documents\Courses\MATH411\workshop\case_study\checkpoints\equivariant.pt
